<html>
<body>
<pre>
<h1>µVision Build Log</h1>
<h2>Project:</h2>
C:\Keil\Labware\Lab8_SwitchLEDinterface\Lab8.uvproj
Project File Date:  11/05/2021

<h2>Output:</h2>
Rebuild target 'Lab8'
assembling startup.s...
compiling SwitchLEDInterface.c...
linking...
Program Size: Code=3848 RO-data=6628 RW-data=68 ZI-data=1756  
".\Lab8.axf" - 0 Error(s), 0 Warning(s).
Load "C:\\Keil\\Labware\\Lab8_SwitchLEDinterface\\Lab8.axf" 
Connecting: Mode=JTAG, Speed=1000000Hz
Connection failed!, error code=&d
Error: Flash Download failed  -  Target DLL has been cancelled
Load "C:\\Keil\\Labware\\Lab8_SwitchLEDinterface\\Lab8.axf" 
Connecting: Mode=JTAG, Speed=1000000Hz
Erase Done.
Programming Done.
Verify OK.
</pre>
</body>
</html>
